Archive member included because of file (symbol)

F:\LUCHO\Facu\Cuartoo\ElectronicaDigital\Workspace\CMSISv2p00_LPC17xx\Debug\libCMSISv2p00_LPC17xx.a(system_LPC17xx.o)
                              ./src/cr_startup_lpc175x_6x.o (SystemInit)
c:/nxp/lpcxpresso_7.9.0_455/lpcxpresso/tools/bin/../lib/gcc/arm-none-eabi/4.9.3/../../../../arm-none-eabi/lib/armv7-m\libcr_c.a(__weak__main.o)
                              ./src/cr_startup_lpc175x_6x.o (__main)
c:/nxp/lpcxpresso_7.9.0_455/lpcxpresso/tools/bin/../lib/gcc/arm-none-eabi/4.9.3/armv7-m\libcr_eabihelpers.a(division_64.o)
                              F:\LUCHO\Facu\Cuartoo\ElectronicaDigital\Workspace\CMSISv2p00_LPC17xx\Debug\libCMSISv2p00_LPC17xx.a(system_LPC17xx.o) (__aeabi_uldivmod)
c:/nxp/lpcxpresso_7.9.0_455/lpcxpresso/tools/bin/../lib/gcc/arm-none-eabi/4.9.3/armv7-m\libcr_eabihelpers.a(division_idiv0.o)
                              c:/nxp/lpcxpresso_7.9.0_455/lpcxpresso/tools/bin/../lib/gcc/arm-none-eabi/4.9.3/armv7-m\libcr_eabihelpers.a(division_64.o) (__aeabi_idiv0)

Discarded input sections

 .group         0x00000000        0x8 ./src/TP_Final.o
 .group         0x00000000        0x8 ./src/TP_Final.o
 .group         0x00000000        0x8 ./src/TP_Final.o
 .group         0x00000000        0x8 ./src/TP_Final.o
 .group         0x00000000        0x8 ./src/TP_Final.o
 .group         0x00000000        0x8 ./src/TP_Final.o
 .group         0x00000000        0x8 ./src/TP_Final.o
 .group         0x00000000        0x8 ./src/TP_Final.o
 .group         0x00000000        0x8 ./src/TP_Final.o
 .group         0x00000000        0x8 ./src/TP_Final.o
 .text          0x00000000        0x0 ./src/TP_Final.o
 .data          0x00000000        0x0 ./src/TP_Final.o
 .bss           0x00000000        0x0 ./src/TP_Final.o
 .group         0x00000000        0x8 ./src/control_motor.o
 .group         0x00000000        0x8 ./src/control_motor.o
 .group         0x00000000        0x8 ./src/control_motor.o
 .group         0x00000000        0x8 ./src/control_motor.o
 .group         0x00000000        0x8 ./src/control_motor.o
 .group         0x00000000        0x8 ./src/control_motor.o
 .group         0x00000000        0x8 ./src/control_motor.o
 .group         0x00000000        0x8 ./src/control_motor.o
 .group         0x00000000        0x8 ./src/control_motor.o
 .group         0x00000000        0x8 ./src/control_motor.o
 .text          0x00000000        0x0 ./src/control_motor.o
 .data          0x00000000        0x0 ./src/control_motor.o
 .bss           0x00000000        0x0 ./src/control_motor.o
 .debug_macro   0x00000000      0x87a ./src/control_motor.o
 .debug_macro   0x00000000       0x1c ./src/control_motor.o
 .debug_macro   0x00000000       0x2e ./src/control_motor.o
 .debug_macro   0x00000000       0x10 ./src/control_motor.o
 .debug_macro   0x00000000      0x12d ./src/control_motor.o
 .debug_macro   0x00000000      0x5b2 ./src/control_motor.o
 .debug_macro   0x00000000       0x18 ./src/control_motor.o
 .debug_macro   0x00000000      0x7af ./src/control_motor.o
 .debug_macro   0x00000000      0x2c7 ./src/control_motor.o
 .debug_macro   0x00000000       0x82 ./src/control_motor.o
 .group         0x00000000        0x8 ./src/conversor.o
 .text          0x00000000        0x0 ./src/conversor.o
 .data          0x00000000        0x0 ./src/conversor.o
 .bss           0x00000000        0x0 ./src/conversor.o
 .debug_info    0x00000000       0x21 ./src/conversor.o
 .debug_abbrev  0x00000000       0x13 ./src/conversor.o
 .debug_aranges
                0x00000000       0x18 ./src/conversor.o
 .debug_macro   0x00000000       0x11 ./src/conversor.o
 .debug_macro   0x00000000      0x87a ./src/conversor.o
 .debug_line    0x00000000       0x33 ./src/conversor.o
 .debug_str     0x00000000     0x249f ./src/conversor.o
 .comment       0x00000000       0x71 ./src/conversor.o
 .ARM.attributes
                0x00000000       0x33 ./src/conversor.o
 .group         0x00000000        0x8 ./src/cr_startup_lpc175x_6x.o
 .text          0x00000000        0x0 ./src/cr_startup_lpc175x_6x.o
 .data          0x00000000        0x0 ./src/cr_startup_lpc175x_6x.o
 .bss           0x00000000        0x0 ./src/cr_startup_lpc175x_6x.o
 .debug_macro   0x00000000      0x87a ./src/cr_startup_lpc175x_6x.o
 .group         0x00000000        0x8 ./src/crp.o
 .group         0x00000000        0x8 ./src/crp.o
 .text          0x00000000        0x0 ./src/crp.o
 .data          0x00000000        0x0 ./src/crp.o
 .bss           0x00000000        0x0 ./src/crp.o
 .debug_macro   0x00000000      0x87a ./src/crp.o
 .group         0x00000000        0x8 F:\LUCHO\Facu\Cuartoo\ElectronicaDigital\Workspace\CMSISv2p00_LPC17xx\Debug\libCMSISv2p00_LPC17xx.a(system_LPC17xx.o)
 .group         0x00000000        0x8 F:\LUCHO\Facu\Cuartoo\ElectronicaDigital\Workspace\CMSISv2p00_LPC17xx\Debug\libCMSISv2p00_LPC17xx.a(system_LPC17xx.o)
 .group         0x00000000        0x8 F:\LUCHO\Facu\Cuartoo\ElectronicaDigital\Workspace\CMSISv2p00_LPC17xx\Debug\libCMSISv2p00_LPC17xx.a(system_LPC17xx.o)
 .group         0x00000000        0x8 F:\LUCHO\Facu\Cuartoo\ElectronicaDigital\Workspace\CMSISv2p00_LPC17xx\Debug\libCMSISv2p00_LPC17xx.a(system_LPC17xx.o)
 .group         0x00000000        0x8 F:\LUCHO\Facu\Cuartoo\ElectronicaDigital\Workspace\CMSISv2p00_LPC17xx\Debug\libCMSISv2p00_LPC17xx.a(system_LPC17xx.o)
 .group         0x00000000        0x8 F:\LUCHO\Facu\Cuartoo\ElectronicaDigital\Workspace\CMSISv2p00_LPC17xx\Debug\libCMSISv2p00_LPC17xx.a(system_LPC17xx.o)
 .group         0x00000000        0x8 F:\LUCHO\Facu\Cuartoo\ElectronicaDigital\Workspace\CMSISv2p00_LPC17xx\Debug\libCMSISv2p00_LPC17xx.a(system_LPC17xx.o)
 .group         0x00000000        0x8 F:\LUCHO\Facu\Cuartoo\ElectronicaDigital\Workspace\CMSISv2p00_LPC17xx\Debug\libCMSISv2p00_LPC17xx.a(system_LPC17xx.o)
 .group         0x00000000        0x8 F:\LUCHO\Facu\Cuartoo\ElectronicaDigital\Workspace\CMSISv2p00_LPC17xx\Debug\libCMSISv2p00_LPC17xx.a(system_LPC17xx.o)
 .text          0x00000000        0x0 F:\LUCHO\Facu\Cuartoo\ElectronicaDigital\Workspace\CMSISv2p00_LPC17xx\Debug\libCMSISv2p00_LPC17xx.a(system_LPC17xx.o)
 .data          0x00000000        0x0 F:\LUCHO\Facu\Cuartoo\ElectronicaDigital\Workspace\CMSISv2p00_LPC17xx\Debug\libCMSISv2p00_LPC17xx.a(system_LPC17xx.o)
 .bss           0x00000000        0x0 F:\LUCHO\Facu\Cuartoo\ElectronicaDigital\Workspace\CMSISv2p00_LPC17xx\Debug\libCMSISv2p00_LPC17xx.a(system_LPC17xx.o)
 .text.SystemCoreClockUpdate
                0x00000000       0xac F:\LUCHO\Facu\Cuartoo\ElectronicaDigital\Workspace\CMSISv2p00_LPC17xx\Debug\libCMSISv2p00_LPC17xx.a(system_LPC17xx.o)
 .data.SystemCoreClock
                0x00000000        0x4 F:\LUCHO\Facu\Cuartoo\ElectronicaDigital\Workspace\CMSISv2p00_LPC17xx\Debug\libCMSISv2p00_LPC17xx.a(system_LPC17xx.o)
 .debug_macro   0x00000000       0x10 F:\LUCHO\Facu\Cuartoo\ElectronicaDigital\Workspace\CMSISv2p00_LPC17xx\Debug\libCMSISv2p00_LPC17xx.a(system_LPC17xx.o)
 .debug_macro   0x00000000      0x12d F:\LUCHO\Facu\Cuartoo\ElectronicaDigital\Workspace\CMSISv2p00_LPC17xx\Debug\libCMSISv2p00_LPC17xx.a(system_LPC17xx.o)
 .debug_macro   0x00000000      0x5b2 F:\LUCHO\Facu\Cuartoo\ElectronicaDigital\Workspace\CMSISv2p00_LPC17xx\Debug\libCMSISv2p00_LPC17xx.a(system_LPC17xx.o)
 .debug_macro   0x00000000       0x1c F:\LUCHO\Facu\Cuartoo\ElectronicaDigital\Workspace\CMSISv2p00_LPC17xx\Debug\libCMSISv2p00_LPC17xx.a(system_LPC17xx.o)
 .debug_macro   0x00000000       0x2e F:\LUCHO\Facu\Cuartoo\ElectronicaDigital\Workspace\CMSISv2p00_LPC17xx\Debug\libCMSISv2p00_LPC17xx.a(system_LPC17xx.o)
 .debug_macro   0x00000000       0x18 F:\LUCHO\Facu\Cuartoo\ElectronicaDigital\Workspace\CMSISv2p00_LPC17xx\Debug\libCMSISv2p00_LPC17xx.a(system_LPC17xx.o)
 .debug_macro   0x00000000      0x7af F:\LUCHO\Facu\Cuartoo\ElectronicaDigital\Workspace\CMSISv2p00_LPC17xx\Debug\libCMSISv2p00_LPC17xx.a(system_LPC17xx.o)
 .debug_macro   0x00000000      0x2c7 F:\LUCHO\Facu\Cuartoo\ElectronicaDigital\Workspace\CMSISv2p00_LPC17xx\Debug\libCMSISv2p00_LPC17xx.a(system_LPC17xx.o)
 .text          0x00000000        0x0 c:/nxp/lpcxpresso_7.9.0_455/lpcxpresso/tools/bin/../lib/gcc/arm-none-eabi/4.9.3/../../../../arm-none-eabi/lib/armv7-m\libcr_c.a(__weak__main.o)
 .data          0x00000000        0x0 c:/nxp/lpcxpresso_7.9.0_455/lpcxpresso/tools/bin/../lib/gcc/arm-none-eabi/4.9.3/../../../../arm-none-eabi/lib/armv7-m\libcr_c.a(__weak__main.o)
 .bss           0x00000000        0x0 c:/nxp/lpcxpresso_7.9.0_455/lpcxpresso/tools/bin/../lib/gcc/arm-none-eabi/4.9.3/../../../../arm-none-eabi/lib/armv7-m\libcr_c.a(__weak__main.o)
 .text          0x00000000        0x0 c:/nxp/lpcxpresso_7.9.0_455/lpcxpresso/tools/bin/../lib/gcc/arm-none-eabi/4.9.3/armv7-m\libcr_eabihelpers.a(division_64.o)
 .data          0x00000000        0x0 c:/nxp/lpcxpresso_7.9.0_455/lpcxpresso/tools/bin/../lib/gcc/arm-none-eabi/4.9.3/armv7-m\libcr_eabihelpers.a(division_64.o)
 .bss           0x00000000        0x0 c:/nxp/lpcxpresso_7.9.0_455/lpcxpresso/tools/bin/../lib/gcc/arm-none-eabi/4.9.3/armv7-m\libcr_eabihelpers.a(division_64.o)
 .text.__aeabi_division_ldivmod
                0x00000000       0x26 c:/nxp/lpcxpresso_7.9.0_455/lpcxpresso/tools/bin/../lib/gcc/arm-none-eabi/4.9.3/armv7-m\libcr_eabihelpers.a(division_64.o)
 .text.__aeabi_division_uldivmod
                0x00000000      0x174 c:/nxp/lpcxpresso_7.9.0_455/lpcxpresso/tools/bin/../lib/gcc/arm-none-eabi/4.9.3/armv7-m\libcr_eabihelpers.a(division_64.o)
 .ARM.attributes
                0x00000000       0x21 c:/nxp/lpcxpresso_7.9.0_455/lpcxpresso/tools/bin/../lib/gcc/arm-none-eabi/4.9.3/armv7-m\libcr_eabihelpers.a(division_64.o)
 .text          0x00000000        0x0 c:/nxp/lpcxpresso_7.9.0_455/lpcxpresso/tools/bin/../lib/gcc/arm-none-eabi/4.9.3/armv7-m\libcr_eabihelpers.a(division_idiv0.o)
 .data          0x00000000        0x0 c:/nxp/lpcxpresso_7.9.0_455/lpcxpresso/tools/bin/../lib/gcc/arm-none-eabi/4.9.3/armv7-m\libcr_eabihelpers.a(division_idiv0.o)
 .bss           0x00000000        0x0 c:/nxp/lpcxpresso_7.9.0_455/lpcxpresso/tools/bin/../lib/gcc/arm-none-eabi/4.9.3/armv7-m\libcr_eabihelpers.a(division_idiv0.o)
 .text.__aeabi_division_idiv0
                0x00000000        0x2 c:/nxp/lpcxpresso_7.9.0_455/lpcxpresso/tools/bin/../lib/gcc/arm-none-eabi/4.9.3/armv7-m\libcr_eabihelpers.a(division_idiv0.o)
 .ARM.attributes
                0x00000000       0x21 c:/nxp/lpcxpresso_7.9.0_455/lpcxpresso/tools/bin/../lib/gcc/arm-none-eabi/4.9.3/armv7-m\libcr_eabihelpers.a(division_idiv0.o)

Memory Configuration

Name             Origin             Length             Attributes
MFlash512        0x00000000         0x00080000         xr
RamLoc32         0x10000000         0x00008000         xrw
RamAHB32         0x2007c000         0x00008000         xrw
*default*        0x00000000         0xffffffff

Linker script and memory map

LOAD ./src/TP_Final.o
LOAD ./src/control_motor.o
LOAD ./src/conversor.o
LOAD ./src/cr_startup_lpc175x_6x.o
LOAD ./src/crp.o
LOAD F:\LUCHO\Facu\Cuartoo\ElectronicaDigital\Workspace\CMSISv2p00_LPC17xx\Debug\libCMSISv2p00_LPC17xx.a
START GROUP
LOAD c:/nxp/lpcxpresso_7.9.0_455/lpcxpresso/tools/bin/../lib/gcc/arm-none-eabi/4.9.3/../../../../arm-none-eabi/lib/armv7-m\libcr_c.a
LOAD c:/nxp/lpcxpresso_7.9.0_455/lpcxpresso/tools/bin/../lib/gcc/arm-none-eabi/4.9.3/armv7-m\libcr_eabihelpers.a
END GROUP
                0x00080000                __top_MFlash512 = 0x80000
                0x00080000                __top_Flash = 0x80000
                0x10008000                __top_RamLoc32 = 0x10008000
                0x10008000                __top_RAM = 0x10008000
                0x20084000                __top_RamAHB32 = 0x20084000
                0x20084000                __top_RAM2 = 0x20084000

.text           0x00000000      0x4e8
 FILL mask 0xff
                0x00000000                __vectors_start__ = ABSOLUTE (.)
 *(.isr_vector)
 .isr_vector    0x00000000       0xcc ./src/cr_startup_lpc175x_6x.o
                0x00000000                g_pfnVectors
                0x000000cc                . = ALIGN (0x4)
                0x000000cc                __section_table_start = .
                0x000000cc                __data_section_table = .
                0x000000cc        0x4 LONG 0x4e8 LOADADDR (.data)
                0x000000d0        0x4 LONG 0x10000000 ADDR (.data)
                0x000000d4        0x4 LONG 0x0 SIZEOF (.data)
                0x000000d8        0x4 LONG 0x4e8 LOADADDR (.data_RAM2)
                0x000000dc        0x4 LONG 0x2007c000 ADDR (.data_RAM2)
                0x000000e0        0x4 LONG 0x0 SIZEOF (.data_RAM2)
                0x000000e4                __data_section_table_end = .
                0x000000e4                __bss_section_table = .
                0x000000e4        0x4 LONG 0x10000000 ADDR (.bss)
                0x000000e8        0x4 LONG 0x0 SIZEOF (.bss)
                0x000000ec        0x4 LONG 0x2007c000 ADDR (.bss_RAM2)
                0x000000f0        0x4 LONG 0x0 SIZEOF (.bss_RAM2)
                0x000000f4                __bss_section_table_end = .
                0x000000f4                __section_table_end = .
 *(.after_vectors*)
 .after_vectors
                0x000000f4      0x144 ./src/cr_startup_lpc175x_6x.o
                0x000000f4                data_init
                0x00000138                bss_init
                0x00000170                ResetISR
                0x000001e8                NMI_Handler
                0x000001f0                HardFault_Handler
                0x000001f8                MemManage_Handler
                0x00000200                BusFault_Handler
                0x00000208                UsageFault_Handler
                0x00000210                SVC_Handler
                0x00000218                DebugMon_Handler
                0x00000220                PendSV_Handler
                0x00000228                SysTick_Handler
                0x00000230                EINT3_IRQHandler
                0x00000230                CANActivity_IRQHandler
                0x00000230                TIMER3_IRQHandler
                0x00000230                UART0_IRQHandler
                0x00000230                UART1_IRQHandler
                0x00000230                EINT2_IRQHandler
                0x00000230                USBActivity_IRQHandler
                0x00000230                IntDefaultHandler
                0x00000230                PLL0_IRQHandler
                0x00000230                I2C0_IRQHandler
                0x00000230                I2C1_IRQHandler
                0x00000230                SSP0_IRQHandler
                0x00000230                I2S_IRQHandler
                0x00000230                I2C2_IRQHandler
                0x00000230                RTC_IRQHandler
                0x00000230                TIMER0_IRQHandler
                0x00000230                SPI_IRQHandler
                0x00000230                RIT_IRQHandler
                0x00000230                EINT1_IRQHandler
                0x00000230                TIMER1_IRQHandler
                0x00000230                UART2_IRQHandler
                0x00000230                ADC_IRQHandler
                0x00000230                SSP1_IRQHandler
                0x00000230                USB_IRQHandler
                0x00000230                BOD_IRQHandler
                0x00000230                PLL1_IRQHandler
                0x00000230                WDT_IRQHandler
                0x00000230                PWM1_IRQHandler
                0x00000230                QEI_IRQHandler
                0x00000230                EINT0_IRQHandler
                0x00000230                CAN_IRQHandler
                0x00000230                DMA_IRQHandler
                0x00000230                TIMER2_IRQHandler
                0x00000230                UART3_IRQHandler
                0x00000230                MCPWM_IRQHandler
                0x00000230                ENET_IRQHandler
                0x000002fc                . = 0x2fc
 *fill*         0x00000238       0xc4 ff
                0x000002fc                PROVIDE (__CRP_WORD_START__, .)
 *(.crp)
 .crp           0x000002fc        0x4 ./src/crp.o
                0x000002fc                CRP_WORD
                0x00000300                PROVIDE (__CRP_WORD_END__, .)
                0x00000001                ASSERT (! ((__CRP_WORD_START__ == __CRP_WORD_END__)), Linker CRP Enabled, but no CRP_WORD provided within application)
 *(.text*)
 .text.main     0x00000300       0x10 ./src/TP_Final.o
                0x00000300                main
 .text.config_PWM
                0x00000310       0x78 ./src/control_motor.o
                0x00000310                config_PWM
 .text.arrancar_motor
                0x00000388       0x3c ./src/control_motor.o
                0x00000388                arrancar_motor
 .text.set_Pwm  0x000003c4       0x1c ./src/control_motor.o
                0x000003c4                set_Pwm
 .text.delay    0x000003e0       0x24 ./src/control_motor.o
                0x000003e0                delay
 .text.SystemInit
                0x00000404       0xe0 F:\LUCHO\Facu\Cuartoo\ElectronicaDigital\Workspace\CMSISv2p00_LPC17xx\Debug\libCMSISv2p00_LPC17xx.a(system_LPC17xx.o)
                0x00000404                SystemInit
 .text.__weak_main
                0x000004e4        0x4 c:/nxp/lpcxpresso_7.9.0_455/lpcxpresso/tools/bin/../lib/gcc/arm-none-eabi/4.9.3/../../../../arm-none-eabi/lib/armv7-m\libcr_c.a(__weak__main.o)
                0x000004e4                __weak_main
                0x000004e4                __main
 *(.rodata .rodata.* .constdata .constdata.*)
                0x000004e8                . = ALIGN (0x4)

.glue_7         0x000004e8        0x0
 .glue_7        0x00000000        0x0 linker stubs

.glue_7t        0x000004e8        0x0
 .glue_7t       0x00000000        0x0 linker stubs

.vfp11_veneer   0x000004e8        0x0
 .vfp11_veneer  0x00000000        0x0 linker stubs

.v4_bx          0x000004e8        0x0
 .v4_bx         0x00000000        0x0 linker stubs

.iplt           0x000004e8        0x0
 .iplt          0x00000000        0x0 ./src/TP_Final.o

.rel.dyn        0x000004e8        0x0
 .rel.iplt      0x00000000        0x0 ./src/TP_Final.o

.ARM.extab
 *(.ARM.extab* .gnu.linkonce.armextab.*)
                0x000004e8                __exidx_start = .

.ARM.exidx
 *(.ARM.exidx* .gnu.linkonce.armexidx.*)
                0x000004e8                __exidx_end = .
                0x000004e8                _etext = .

.data_RAM2      0x2007c000        0x0 load address 0x000004e8
 FILL mask 0xff
                0x2007c000                PROVIDE (__start_data_RAM2, .)
 *(.ramfunc.$RAM2)
 *(.ramfunc.$RamAHB32)
 *(.data.$RAM2*)
 *(.data.$RamAHB32*)
                0x2007c000                . = ALIGN (0x4)
                0x2007c000                PROVIDE (__end_data_RAM2, .)

.uninit_RESERVED
                0x10000000        0x0
 *(.bss.$RESERVED*)
                0x10000000                . = ALIGN (0x4)
                0x10000000                _end_uninit_RESERVED = .

.data           0x10000000        0x0 load address 0x000004e8
 FILL mask 0xff
                0x10000000                _data = .
 *(vtable)
 *(.ramfunc*)
 *(.data*)
                0x10000000                . = ALIGN (0x4)
                0x10000000                _edata = .

.igot.plt       0x10000000        0x0 load address 0x000004e8
 .igot.plt      0x00000000        0x0 ./src/TP_Final.o

.bss_RAM2       0x2007c000        0x0
                0x2007c000                PROVIDE (__start_bss_RAM2, .)
 *(.bss.$RAM2*)
 *(.bss.$RamAHB32*)
                0x2007c000                . = ALIGN ((. != 0x0)?0x4:0x1)
                0x2007c000                PROVIDE (__end_bss_RAM2, .)

.bss            0x10000000        0x0
                0x10000000                _bss = .
 *(.bss*)
 *(COMMON)
                0x10000000                . = ALIGN (0x4)
                0x10000000                _ebss = .
                0x10000000                PROVIDE (end, .)

.noinit_RAM2    0x2007c000        0x0
 *(.noinit.$RAM2*)
 *(.noinit.$RamAHB32*)
                0x2007c000                . = ALIGN (0x4)

.noinit         0x10000000        0x0
                0x10000000                _noinit = .
 *(.noinit*)
                0x10000000                . = ALIGN (0x4)
                0x10000000                _end_noinit = .
                0x10000000                PROVIDE (_pvHeapStart, DEFINED (__user_heap_base)?__user_heap_base:.)
                0x10008000                PROVIDE (_vStackTop, DEFINED (__user_stack_top)?__user_stack_top:(__top_RamLoc32 - 0x0))
                0xefff74b2                PROVIDE (__valid_user_code_checksum, (0x0 - ((((((_vStackTop + (ResetISR + 0x1)) + (NMI_Handler + 0x1)) + (HardFault_Handler + 0x1)) + (DEFINED (MemManage_Handler)?MemManage_Handler:0x0 + 0x1)) + (DEFINED (BusFault_Handler)?BusFault_Handler:0x0 + 0x1)) + (DEFINED (UsageFault_Handler)?UsageFault_Handler:0x0 + 0x1))))
OUTPUT(TP_Final.axf elf32-littlearm)

.debug_info     0x00000000      0xc56
 .debug_info    0x00000000       0xa8 ./src/TP_Final.o
 .debug_info    0x000000a8      0x609 ./src/control_motor.o
 .debug_info    0x000006b1      0x24e ./src/cr_startup_lpc175x_6x.o
 .debug_info    0x000008ff       0x3f ./src/crp.o
 .debug_info    0x0000093e      0x318 F:\LUCHO\Facu\Cuartoo\ElectronicaDigital\Workspace\CMSISv2p00_LPC17xx\Debug\libCMSISv2p00_LPC17xx.a(system_LPC17xx.o)

.debug_abbrev   0x00000000      0x3cf
 .debug_abbrev  0x00000000       0x6c ./src/TP_Final.o
 .debug_abbrev  0x0000006c      0x152 ./src/control_motor.o
 .debug_abbrev  0x000001be       0xf5 ./src/cr_startup_lpc175x_6x.o
 .debug_abbrev  0x000002b3       0x36 ./src/crp.o
 .debug_abbrev  0x000002e9       0xe6 F:\LUCHO\Facu\Cuartoo\ElectronicaDigital\Workspace\CMSISv2p00_LPC17xx\Debug\libCMSISv2p00_LPC17xx.a(system_LPC17xx.o)

.debug_aranges  0x00000000      0x118
 .debug_aranges
                0x00000000       0x20 ./src/TP_Final.o
 .debug_aranges
                0x00000020       0x38 ./src/control_motor.o
 .debug_aranges
                0x00000058       0x80 ./src/cr_startup_lpc175x_6x.o
 .debug_aranges
                0x000000d8       0x18 ./src/crp.o
 .debug_aranges
                0x000000f0       0x28 F:\LUCHO\Facu\Cuartoo\ElectronicaDigital\Workspace\CMSISv2p00_LPC17xx\Debug\libCMSISv2p00_LPC17xx.a(system_LPC17xx.o)

.debug_ranges   0x00000000       0xc0
 .debug_ranges  0x00000000       0x10 ./src/TP_Final.o
 .debug_ranges  0x00000010       0x28 ./src/control_motor.o
 .debug_ranges  0x00000038       0x70 ./src/cr_startup_lpc175x_6x.o
 .debug_ranges  0x000000a8       0x18 F:\LUCHO\Facu\Cuartoo\ElectronicaDigital\Workspace\CMSISv2p00_LPC17xx\Debug\libCMSISv2p00_LPC17xx.a(system_LPC17xx.o)

.debug_macro    0x00000000     0x25dd
 .debug_macro   0x00000000       0x88 ./src/TP_Final.o
 .debug_macro   0x00000088      0x87a ./src/TP_Final.o
 .debug_macro   0x00000902       0x1c ./src/TP_Final.o
 .debug_macro   0x0000091e       0x2e ./src/TP_Final.o
 .debug_macro   0x0000094c       0x10 ./src/TP_Final.o
 .debug_macro   0x0000095c      0x12d ./src/TP_Final.o
 .debug_macro   0x00000a89      0x5b2 ./src/TP_Final.o
 .debug_macro   0x0000103b       0x18 ./src/TP_Final.o
 .debug_macro   0x00001053      0x7af ./src/TP_Final.o
 .debug_macro   0x00001802      0x2c7 ./src/TP_Final.o
 .debug_macro   0x00001ac9       0x82 ./src/TP_Final.o
 .debug_macro   0x00001b4b       0x88 ./src/control_motor.o
 .debug_macro   0x00001bd3       0x1d ./src/cr_startup_lpc175x_6x.o
 .debug_macro   0x00001bf0       0x1a ./src/crp.o
 .debug_macro   0x00001c0a       0x34 ./src/crp.o
 .debug_macro   0x00001c3e      0x12b F:\LUCHO\Facu\Cuartoo\ElectronicaDigital\Workspace\CMSISv2p00_LPC17xx\Debug\libCMSISv2p00_LPC17xx.a(system_LPC17xx.o)
 .debug_macro   0x00001d69      0x874 F:\LUCHO\Facu\Cuartoo\ElectronicaDigital\Workspace\CMSISv2p00_LPC17xx\Debug\libCMSISv2p00_LPC17xx.a(system_LPC17xx.o)

.debug_line     0x00000000      0x783
 .debug_line    0x00000000      0x20a ./src/TP_Final.o
 .debug_line    0x0000020a      0x256 ./src/control_motor.o
 .debug_line    0x00000460       0xd5 ./src/cr_startup_lpc175x_6x.o
 .debug_line    0x00000535       0x78 ./src/crp.o
 .debug_line    0x000005ad      0x1d6 F:\LUCHO\Facu\Cuartoo\ElectronicaDigital\Workspace\CMSISv2p00_LPC17xx\Debug\libCMSISv2p00_LPC17xx.a(system_LPC17xx.o)

.debug_str      0x00000000     0x8a37
 .debug_str     0x00000000     0x80c9 ./src/TP_Final.o
                               0x814a (size before relaxing)
 .debug_str     0x000080c9      0x2b3 ./src/control_motor.o
                               0x83e6 (size before relaxing)
 .debug_str     0x0000837c      0x1c2 ./src/cr_startup_lpc175x_6x.o
                               0x266a (size before relaxing)
 .debug_str     0x0000853e       0xe9 ./src/crp.o
                               0x2582 (size before relaxing)
 .debug_str     0x00008627      0x410 F:\LUCHO\Facu\Cuartoo\ElectronicaDigital\Workspace\CMSISv2p00_LPC17xx\Debug\libCMSISv2p00_LPC17xx.a(system_LPC17xx.o)
                               0x80f7 (size before relaxing)

.comment        0x00000000       0xe0
 .comment       0x00000000       0x70 ./src/TP_Final.o
                                 0x71 (size before relaxing)
 .comment       0x00000000       0x71 ./src/control_motor.o
 .comment       0x00000000       0x71 ./src/cr_startup_lpc175x_6x.o
 .comment       0x00000000       0x71 ./src/crp.o
 .comment       0x00000000       0x71 F:\LUCHO\Facu\Cuartoo\ElectronicaDigital\Workspace\CMSISv2p00_LPC17xx\Debug\libCMSISv2p00_LPC17xx.a(system_LPC17xx.o)
 .comment       0x00000070       0x70 c:/nxp/lpcxpresso_7.9.0_455/lpcxpresso/tools/bin/../lib/gcc/arm-none-eabi/4.9.3/../../../../arm-none-eabi/lib/armv7-m\libcr_c.a(__weak__main.o)
                                 0x71 (size before relaxing)

.ARM.attributes
                0x00000000       0x31
 .ARM.attributes
                0x00000000       0x33 ./src/TP_Final.o
 .ARM.attributes
                0x00000033       0x33 ./src/control_motor.o
 .ARM.attributes
                0x00000066       0x33 ./src/cr_startup_lpc175x_6x.o
 .ARM.attributes
                0x00000099       0x33 ./src/crp.o
 .ARM.attributes
                0x000000cc       0x33 F:\LUCHO\Facu\Cuartoo\ElectronicaDigital\Workspace\CMSISv2p00_LPC17xx\Debug\libCMSISv2p00_LPC17xx.a(system_LPC17xx.o)
 .ARM.attributes
                0x000000ff       0x33 c:/nxp/lpcxpresso_7.9.0_455/lpcxpresso/tools/bin/../lib/gcc/arm-none-eabi/4.9.3/../../../../arm-none-eabi/lib/armv7-m\libcr_c.a(__weak__main.o)

.debug_frame    0x00000000      0x274
 .debug_frame   0x00000000       0x2c ./src/TP_Final.o
 .debug_frame   0x0000002c       0x9c ./src/control_motor.o
 .debug_frame   0x000000c8      0x170 ./src/cr_startup_lpc175x_6x.o
 .debug_frame   0x00000238       0x3c F:\LUCHO\Facu\Cuartoo\ElectronicaDigital\Workspace\CMSISv2p00_LPC17xx\Debug\libCMSISv2p00_LPC17xx.a(system_LPC17xx.o)
